Toolchain path: /home/biba/BIBA/esp/xtensa-esp32-elf/bin/xtensa-esp32-elf-gcc
Toolchain version: esp32-2019r1
Compiler version: 8.2.0
Python requirements from /home/biba/BIBA/esp/ComponentRepo/esp-idf/requirements.txt are satisfied.
MONITOR
ets Jun  8 2016 00:22:57

rst:0x1 (POWERON_RESET),boot:0x13 (SPI_FAST_FLASH_BOOT)
configsip: 0, SPIWP:0xee
clk_drv:0x00,q_drv:0x00,d_drv:0x00,cs0_drv:0x00,hd_drv:0x00,wp_drv:0x00
mode:DIO, clock div:2
load:0x3fff0018,len:4
load:0x3fff001c,len:6536
load:0x40078000,len:12016
ho 0 tail 12 room 4
load:0x40080400,len:6624
entry 0x40080764
[0;32mI (30) boot: ESP-IDF v4.1-dev-58-g02c7c3885 2nd stage bootloader[0m
[0;32mI (30) boot: compile time 18:33:34[0m
[0;32mI (30) boot: Enabling RNG early entropy source...[0m
[0;32mI (36) boot: SPI Speed      : 40MHz[0m
[0;32mI (40) boot: SPI Mode       : DIO[0m
[0;32mI (44) boot: SPI Flash Size : 16MB[0m
[0;32mI (48) boot: Partition Table:[0m
[0;32mI (52) boot: ## Label            Usage          Type ST Offset   Length[0m
[0;32mI (59) boot:  0 nvs              WiFi data        01 02 00009000 00006000[0m
[0;32mI (66) boot:  1 phy_init         RF data          01 01 0000f000 00001000[0m
[0;32mI (74) boot:  2 factory          factory app      00 00 00010000 00100000[0m
[0;32mI (81) boot: End of partition table[0m
[0;32mI (85) esp_image: segment 0: paddr=0x00010020 vaddr=0x3f400020 size=0x155c8 ( 87496) map[0m
[0;32mI (125) esp_image: segment 1: paddr=0x000255f0 vaddr=0x3ffb0000 size=0x031ec ( 12780) load[0m
[0;32mI (131) esp_image: segment 2: paddr=0x000287e4 vaddr=0x40080000 size=0x00400 (  1024) load[0m
[0;32mI (133) esp_image: segment 3: paddr=0x00028bec vaddr=0x40080400 size=0x07424 ( 29732) load[0m
[0;32mI (153) esp_image: segment 4: paddr=0x00030018 vaddr=0x400d0018 size=0x6996c (432492) map[0m
[0;32mI (307) esp_image: segment 5: paddr=0x0009998c vaddr=0x40087824 size=0x08e58 ( 36440) load[0m
[0;32mI (333) boot: Loaded app from partition at offset 0x10000[0m
[0;32mI (333) boot: Disabling RNG early entropy source...[0m
[0;32mI (333) cpu_start: Pro cpu up.[0m
[0;32mI (337) cpu_start: Application information:[0m
[0;32mI (342) cpu_start: Project name:     app-template[0m
[0;32mI (347) cpu_start: App version:      a402e67-dirty[0m
[0;32mI (353) cpu_start: Compile time:     Sep 21 2019 18:33:31[0m
[0;32mI (359) cpu_start: ELF file SHA256:  73664892b62b15d7...[0m
[0;32mI (365) cpu_start: ESP-IDF:          v4.1-dev-58-g02c7c3885[0m
[0;32mI (371) cpu_start: Starting app cpu, entry point is 0x4008130c[0m
[0;32mI (0) cpu_start: App cpu up.[0m
[0;32mI (382) heap_init: Initializing. RAM available for dynamic allocation:[0m
[0;32mI (388) heap_init: At 3FFAE6E0 len 00001920 (6 KiB): DRAM[0m
[0;32mI (394) heap_init: At 3FFB90C0 len 00026F40 (155 KiB): DRAM[0m
[0;32mI (401) heap_init: At 3FFE0440 len 00003AE0 (14 KiB): D/IRAM[0m
[0;32mI (407) heap_init: At 3FFE4350 len 0001BCB0 (111 KiB): D/IRAM[0m
[0;32mI (413) heap_init: At 4009067C len 0000F984 (62 KiB): IRAM[0m
[0;32mI (420) cpu_start: Pro cpu start user code[0m
[0;32mI (438) spi_flash: detected chip: generic[0m
[0;32mI (438) spi_flash: flash io: dio[0m
[0;32mI (439) cpu_start: Chip Revision: 1[0m
[0;33mW (440) cpu_start: Chip revision is higher than the one configured in menuconfig. Suggest to upgrade it.[0m
[0;32mI (451) cpu_start: Starting scheduler on PRO CPU.[0m
[0;32mI (0) cpu_start: Starting scheduler on APP CPU.[0m
I (536) wifi: wifi driver task: 3ffc0948, prio:23, stack:3584, core=0
[0;32mI (536) system_api: Base MAC address is not set, read default base MAC address from BLK0 of EFUSE[0m
[0;32mI (536) system_api: Base MAC address is not set, read default base MAC address from BLK0 of EFUSE[0m
I (566) wifi: wifi firmware version: 6236ba1
I (566) wifi: config NVS flash: enabled
I (566) wifi: config nano formating: disabled
I (566) wifi: Init dynamic tx buffer num: 32
I (566) wifi: Init data frame dynamic rx buffer num: 32
I (576) wifi: Init management frame dynamic rx buffer num: 32
I (576) wifi: Init management short buffer num: 32
I (586) wifi: Init static rx buffer size: 1600
I (586) wifi: Init static rx buffer num: 10
I (596) wifi: Init dynamic rx buffer num: 32
[0;32mI (686) phy: phy_version: 4102, 2fa7a43, Jul 15 2019, 13:06:06, 0, 0[0m
I (696) wifi: mode : sta (b4:e6:2d:d9:b0:c5)
I am task 2
I am task 1
I am task 2
I am task 2
I am task 2
I am task 2
I am task 2
I am task 2
I am task 2
I am task 2
I am task 2
I am task 2
I am task 2
I am task 2
I am task 2
I am task 2
I am task 2
I am task 2
I am task 2
I am task 2
I am task 2
I am task 2
I am task 2
I am task 2
I am task 2
I am task 2
I am task 2
I am task 2
I am task 2
I am task 2
I am task 2
I am task 2
I am task 2
I am task 2
I am task 2
I am task 2
I am task 2
I am task 2
I am task 2
I am task 2
I am task 2
I am task 2
I am task 2
I am task 2
I am task 2
I am task 2
I am task 2
I am task 2
I am task 2
I am task 2
I am task 2
I am task 2
I am task 2
I am task 2
I am task 2
I am task 2
I am task 2
I am task 2
I am task 2
I am task 2
I am task 2
I am task 2
I (1296) wifi: new:<6,2>, old:<1,0>, ap:<255,255>, sta:<6,2>, prof:1
I (1836) wifi: state: init -> auth (b0)
I am task 2
I am task 1
I (1846) wifi: state: auth -> assoc (0)
I am task 2
I (1856) wifi: state: assoc -> run (10)
I am task 2
I am task 2
I (1876) wifi: connected with karsh, channel 6, 40D, bssid = c4:6e:1f:62:ef:ea
I (1876) wifi: pm start, type: 1

I am task 2
I am task 2
I am task 2
I am task 2
I am task 2
I am task 2
I am task 2
I am task 2
I am task 2
I am task 2
I am task 2
I am task 2
I am task 2
I am task 2
I am task 2
I am task 2
I am task 2
I am task 2
I am task 2
I am task 2
I am task 2
I am task 2
I am task 2
I am task 2
I am task 2
I am task 2
I am task 2
I am task 2
I am task 2
I am task 2
I am task 2
I am task 2
I am task 2
I am task 2
I am task 2
I am task 2
I am task 2
I am task 2
I am task 2
I am task 2
I am task 2
I am task 2
I am task 2
I am task 2
I am task 2
I am task 2
I am task 2
I am task 2
I am task 2
I am task 2
I am task 2
I am task 2
I am task 2
I am task 2
I am task 2
I am task 2
I am task 2
I am task 2
I am task 2
I am task 2
I am task 2
I am task 2
I am task 2
I am task 2
[0;32mI (2526) tcpip_adapter: sta ip: 192.168.0.101, mask: 255.255.255.0, gw: 192.168.0.1[0m
I am task 2
I am task 2
I am task 2
I am task 2
I am task 2
I am task 2
I am task 2
I am task 2
I am task 2
I am task 2
I am task 2
I am task 2
I am task 2
I am task 2
I am task 2
I am task 2
I am task 2
I am task 2
I am task 2
I am task 2
I am task 2
I am task 2
I am task 2
I am task 2
I am task 2
I am task 2
I am task 2
I am task 2
I am task 2
I am task 2
I am task 2
I am task 2
I am task 2
I am task 1
I am task 2
I am task 2
I am task 2
I am task 2
I am task 2
I am task 2
I am task 2
I am task 2
I am task 2
I am task 2
I am task 2
I am task 2
I am task 2
I am task 2
I am task 2
I am task 2
I am task 2
I am task 2
I am task 2
I am task 2
I am task 2
I am task 2
I am task 2
I am task 2
I am task 2
I am task 2
I am task 2
I am task 2
I am task 2
I am task 2
I am task 2
I am task 2
I am task 2
I am task 2
I am task 2
I am task 2
I am task 2
I am task 2
I am task 2
I am task 2
I am task 2
I am task 2
I am task 2
I am task 2
I am task 2
I am task 2
I am task 2
I am task 2
I am task 2
I am task 2
I am task 2
I am task 2
I am task 2
I am task 2
I am task 2
I am task 2
I am task 2
I am task 2
I am task 2
I am task 2
I am task 2
I am task 2
I am task 2
I am task 2
I am task 2
I am task 2
I am task 2
I am task 2
I am task 2
I am task 2
I am task 2
I am task 2
I am task 2
I am task 2
I am task 2
I am task 2
I am task 2
I am task 2
I am task 2
I am task 2
I am task 2
I am task 2
I am task 2
I am task 2
I am task 2
I am task 2
I am task 2
I am task 2
I am task 2
I am task 2
I am task 2
I am task 2
I am task 2
I am task 2
I am task 2
I am task 2
I am task 2
I am task 2
I am task 2
I am task 2
I am task 1
I am task 2
I am task 2
I am task 2
I am task 2
I am task 2
I am task 2
I am task 2
I am task 2
I am task 2
I am task 2
I am task 2
I am task 2
I am task 2
I am task 2
I am task 2
I am task 2
I am task 2
I am task 2
I am task 2
I am task 2
I am task 2
I am task 2
I am task 2
I am task 2
I am task 2
I am task 2
I am task 2
I am task 2
I am task 2
I am task 2
I am task 2
I am task 2
I am task 2
I am task 2
I am task 2
I am task 2
I am task 2
I am task 2
I am task 2
I am task 2
I am task 2
I am task 2
I am task 2
I am task 2
I am task 2
I am task 2
I am task 2
I am task 2
I am task 2
I am task 2
I am task 2
I am task 2
I am task 2
I am task 2
I am task 2
I am task 2
I am task 2
I am task 2
I am task 2
I am task 2
I am task 2
I am task 2
I am task 2
I am task 2
I am task 2
I am task 2
I am task 2
I am task 2
I am task 2
